Running battery for 2.10.6

Searching for a suitable Scala installation.
  * ATTEMPT: Found a candidate (/UShare/dahl/local/scala/scala/scala-2.10.6/bin/scala)
  * SUCCESS: 'scala.home' (/UShare/dahl/local/scala/scala/scala-2.10.6) argument

[1] "/UShare/dahl/local/scala/scala/scala-2.10.6/bin/scala"

Searching for a suitable Scala installation.
  * FAILURE: 'scala.home' argument is NULL
  * FAILURE: 'rscala.scala.home' (<UNSET>) global option
  * ATTEMPT: Found a candidate (/UShare/dahl/local/scala/scala/scala-2.10.6/bin/scala)
  * SUCCESS: SCALA_HOME (/UShare/dahl/local/scala/scala/scala-2.10.6) environment variable

[1] "/UShare/dahl/local/scala/scala/scala-2.10.6/bin/scala"

Searching for a suitable Scala installation.
  * FAILURE: 'scala.home' argument is NULL
  * FAILURE: 'rscala.scala.home' (<UNSET>) global option
  * FAILURE: SCALA_HOME () environment variable
  * ATTEMPT: Found a candidate (/UShare/dahl/local/scala/scala/scala-2.10.6/bin/scala)
  * SUCCESS: 'scala' in the shell's search path

[1] "/UShare/dahl/local/scala/scala/scala-2.10.6/bin/scala"
--------
Running battery for 2.11.11

Searching for a suitable Scala installation.
  * ATTEMPT: Found a candidate (/UShare/dahl/local/scala/scala/scala-2.11.11/bin/scala)
  * SUCCESS: 'scala.home' (/UShare/dahl/local/scala/scala/scala-2.11.11) argument

[1] "/UShare/dahl/local/scala/scala/scala-2.11.11/bin/scala"

Searching for a suitable Scala installation.
  * FAILURE: 'scala.home' argument is NULL
  * FAILURE: 'rscala.scala.home' (<UNSET>) global option
  * ATTEMPT: Found a candidate (/UShare/dahl/local/scala/scala/scala-2.11.11/bin/scala)
  * SUCCESS: SCALA_HOME (/UShare/dahl/local/scala/scala/scala-2.11.11) environment variable

[1] "/UShare/dahl/local/scala/scala/scala-2.11.11/bin/scala"

Searching for a suitable Scala installation.
  * FAILURE: 'scala.home' argument is NULL
  * FAILURE: 'rscala.scala.home' (<UNSET>) global option
  * FAILURE: SCALA_HOME () environment variable
  * ATTEMPT: Found a candidate (/UShare/dahl/local/scala/scala/scala-2.11.11/bin/scala)
  * SUCCESS: 'scala' in the shell's search path

[1] "/UShare/dahl/local/scala/scala/scala-2.11.11/bin/scala"
--------
Running battery for 2.12.3

Searching for a suitable Scala installation.
  * ATTEMPT: Found a candidate (/UShare/dahl/local/scala/scala/scala-2.12.3/bin/scala)
  * SUCCESS: 'scala.home' (/UShare/dahl/local/scala/scala/scala-2.12.3) argument

[1] "/UShare/dahl/local/scala/scala/scala-2.12.3/bin/scala"

Searching for a suitable Scala installation.
  * FAILURE: 'scala.home' argument is NULL
  * FAILURE: 'rscala.scala.home' (<UNSET>) global option
  * ATTEMPT: Found a candidate (/UShare/dahl/local/scala/scala/scala-2.12.3/bin/scala)
  * SUCCESS: SCALA_HOME (/UShare/dahl/local/scala/scala/scala-2.12.3) environment variable

[1] "/UShare/dahl/local/scala/scala/scala-2.12.3/bin/scala"

Searching for a suitable Scala installation.
  * FAILURE: 'scala.home' argument is NULL
  * FAILURE: 'rscala.scala.home' (<UNSET>) global option
  * FAILURE: SCALA_HOME () environment variable
  * ATTEMPT: Found a candidate (/UShare/dahl/local/scala/scala/scala-2.12.3/bin/scala)
  * SUCCESS: 'scala' in the shell's search path

[1] "/UShare/dahl/local/scala/scala/scala-2.12.3/bin/scala"
--------
trying URL 'http://downloads.lightbend.com/scala/2.10.6/scala-2.10.6.tgz'
Content type 'application/octet-stream' length 29928531 bytes (28.5 MB)
==================================================
downloaded 28.5 MB

Successfully installed Scala in /UShare/dahl/.rscala/scala-2.10.6


Searching for a suitable Scala installation.
  * FAILURE: 'scala.home' argument is NULL
  * FAILURE: 'rscala.scala.home' (<UNSET>) global option
  * FAILURE: SCALA_HOME () environment variable
  * FAILURE: 'scala' in the shell's search path
  * ATTEMPT: Found a candidate (/UShare/dahl/.rscala/scala-2.10.6/bin/scala)
  * SUCCESS: special installation directory (/UShare/dahl/.rscala/scala-2.10.6)

[1] "/UShare/dahl/.rscala/scala-2.10.6/bin/scala"
trying URL 'http://downloads.lightbend.com/scala/2.11.11/scala-2.11.11.tgz'
Content type 'application/octet-stream' length 29086055 bytes (27.7 MB)
==================================================
downloaded 27.7 MB

Successfully installed Scala in /UShare/dahl/.rscala/scala-2.11.11


Searching for a suitable Scala installation.
  * FAILURE: 'scala.home' argument is NULL
  * FAILURE: 'rscala.scala.home' (<UNSET>) global option
  * FAILURE: SCALA_HOME () environment variable
  * FAILURE: 'scala' in the shell's search path
  * ATTEMPT: Found a candidate (/UShare/dahl/.rscala/scala-2.11.11/bin/scala)
  * SUCCESS: special installation directory (/UShare/dahl/.rscala/scala-2.11.11)

[1] "/UShare/dahl/.rscala/scala-2.11.11/bin/scala"
trying URL 'http://downloads.lightbend.com/scala/2.12.3/scala-2.12.3.tgz'
Content type 'application/octet-stream' length 19760624 bytes (18.8 MB)
==================================================
downloaded 18.8 MB

Successfully installed Scala in /UShare/dahl/.rscala/scala-2.12.3


Searching for a suitable Scala installation.
  * FAILURE: 'scala.home' argument is NULL
  * FAILURE: 'rscala.scala.home' (<UNSET>) global option
  * FAILURE: SCALA_HOME () environment variable
  * FAILURE: 'scala' in the shell's search path
  * ATTEMPT: Found a candidate (/UShare/dahl/.rscala/scala-2.12.3/bin/scala)
  * SUCCESS: special installation directory (/UShare/dahl/.rscala/scala-2.12.3)

[1] "/UShare/dahl/.rscala/scala-2.12.3/bin/scala"
